  Generating the build script.
  Reading the asset graph.
  Checking for updates.
  Updating the asset graph.
  Building, incremental build.
  0s freezed on 108 inputs; lib/core/constants/app_colors.dart
  0s freezed on 108 inputs: 1 skipped; lib/core/constants/app_strings.dart
W SDK language version 3.10.0 is newer than `analyzer` language version 3.9.0. Run `flutter packages upgrade`.
  2s freezed on 108 inputs: 81 skipped, 1 output, 3 no-op; spent 1s┬áanalyzing; lib/features/health/data/models/health_record_model.dart
  2s freezed on 108 inputs: 88 skipped, 2 output, 18 no-op; spent 1s┬áanalyzing
  0s json_serializable on 216 inputs; lib/core/constants/app_colors.dart
W json_serializable on lib/core/models/location.dart:
  The version constraint "^4.8.1" on json_annotation allows versions before 4.9.0 which is not allowed.
